[T+0s] ═ type 1/9 「人物」 引擎=http://127.0.0.1:17000 CDP=9310 ═
[T+0s] ✅ S1 引擎在(/system_stats 200) — comfyui_version=0.38.0
[T+0s] ✅ S1 底座 combo 含「人物」(九型+自由十档) — ["人物","场景","道具","美宣","多视图","高清人脸","分镜剧情图","表情差分","概念气氛图","自由"]
[T+0s] ✅ S1 PE 件在册(QwenImage21_T2IPromptRewrite,1005 官方件)
[T+0s] ✅ S2 主体句读入(/tmp/type1-subject-canon.txt) — len=147 md5=d5823ac89e035a3cec7672564a0f2df7
[T+0s] ✅ S3 真源解析(锁层A>500字 / 宿主[6][7]在) — lockA=739字 宿主6存档=["人物",true] 宿主7存档=["0 · Fun-Acc 4步",0]
[T+5s] ✅ S4 仓库真源装载(画布根节点=20) — md5=65d4708ff1d9557caa8813e913b516b6
[T+5s] 改前保存态: {"host6":{"型选择":"人物","PE启用?":true},"host7":{"速度档位":"0 · Fun-Acc 4步","seed":0},"n400len":147,"n404":"\"\""}
[T+5s] ✅ S6 改动① 型选择=人物(setViaHook) — set:型选择:old=人物
[T+5s] ✅ S6 改动② [400] 主体句=canon 原句(setNodeWidget) — set:value:oldLen=147
[T+6s] ✅ S7 读回:型选择=人物 / PE启用?=true(保存态) — {"型选择":"人物","PE启用?":true}
[T+6s] ✅ S7 读回:[400] 主体句逐字=canon(md5 同) — md5(canvas)=d5823ac89e035a3cec7672564a0f2df7 vs md5(canon)=d5823ac89e035a3cec7672564a0f2df7
[T+6s] ✅ S7 读回:[404] 负向主体句保持空(保存态) — ""
[T+6s] ✅ S7 读回:[7] 速度档位=0 · Fun-Acc 4步 / seed=0(保存态未动) — {"速度档位":"0 · Fun-Acc 4步","seed":0}
[T+6s] ✅ S7 读回:除两处改动外宿主面板其余槽未漂移 — host6.PE启用?/host7 全槽/404 改前后一致
[T+6s] ✅ Q [6:4010].base=「人物」(型值真进图) — "人物"
[T+6s] ✅ Q D5 三闸:PE←PE开关口0+主体句源含头18字+BASE←型底座+锁层A 逐字 — 链=PE←PE开关6:4012:0✓ 主体句源含头18字=true/装配器6:4011 BASE←型底座=true/锁层A 739 字逐字=true(真值 739 字)
[T+6s] ✅ Q D5 加严:主体句源=canon 全文逐字(非仅头18字) — len=147/147 md5=d5823ac89e035a3cec7672564a0f2df7
[T+6s] ✅ Q 双编码接线:[4015].prompt←[6:4014,0] / [4016].prompt←[6:4014,1] — 4015=["6:4014",0];4016=["6:4014",1]
[T+6s] ✅ Q 宽高连线:[4].width/height←[4018,0/1](跟型/PE 画幅,非手填) — w=["4018",0] h=["4018",1]
[T+6s] ✅ Q 速度档=0 · Fun-Acc 4步(保存态;档0 FunAcc 无负槽,负向仅档1 生效) — 7:7015.mode
[T+6s] ✅ Q 档0 支路在图:[7:7013]=T8QwenImage21FunAccPDD4Step — T8QwenImage21FunAccPDD4Step
[T+6s] ✅ Q seed 单源=[7:7014] 值 0(保存态 fixed) — 0
[T+6s] ✅ Q 保存前缀:[8]=QI21道劫文生图_ / [504]=MYStudio-2K — QI21道劫文生图_/MYStudio-2K
[T+6s] ✅ Q [6:4010].透明覆盖=false(九型透明跟型默认) — false
[T+6s] 🚀 已排队 pid=f3539410-34ba-48f6-bd68-7fb3d199a31f client=qi21-9xing-1-1791248887922
❌ history [401] 无正负双预览文本(ui.merged)
[T+6s] raw → runs/type-1-人物.json (exit=1)
